List proposals error: PrismaClientKnownRequestError: 
Invalid `prisma.user.findUnique()` invocation:



    at Jr.handleRequestError (D:\N\proposalpilot\node_modules\@prisma\client\runtime\client.js:65:8286)
    at Jr.handleAndLogRequestError (D:\N\proposalpilot\node_modules\@prisma\client\runtime\client.js:65:7581)
    at Jr.request (D:\N\proposalpilot\node_modules\@prisma\client\runtime\client.js:65:7288)
    at process.processTicksAndRejections (node:internal/process/task_queues:104:5)
    at async a (D:\N\proposalpilot\node_modules\@prisma\client\runtime\client.js:99:6862)
    at async s (D:\N\proposalpilot\.next\server\app\api\proposals\route.js:1:4280)
    at async c (D:\N\proposalpilot\.next\server\app\api\proposals\route.js:1:2300)
    at async D:\N\proposalpilot\node_modules\next\dist\compiled\next-server\app-route.runtime.prod.js:6:38411
    at async e_.execute (D:\N\proposalpilot\node_modules\next\dist\compiled\next-server\app-route.runtime.prod.js:6:27880)
    at async e_.handle (D:\N\proposalpilot\node_modules\next\dist\compiled\next-server\app-route.runtime.prod.js:6:39943) {
  code: 'ECONNREFUSED',
  meta: { modelName: 'User' },
  clientVersion: '7.9.1'
}
List proposals error: PrismaClientKnownRequestError: 
Invalid `prisma.user.findUnique()` invocation:



    at Jr.handleRequestError (D:\N\proposalpilot\node_modules\@prisma\client\runtime\client.js:65:8286)
    at Jr.handleAndLogRequestError (D:\N\proposalpilot\node_modules\@prisma\client\runtime\client.js:65:7581)
    at Jr.request (D:\N\proposalpilot\node_modules\@prisma\client\runtime\client.js:65:7288)
    at process.processTicksAndRejections (node:internal/process/task_queues:104:5)
    at async a (D:\N\proposalpilot\node_modules\@prisma\client\runtime\client.js:99:6862)
    at async s (D:\N\proposalpilot\.next\server\app\api\proposals\route.js:1:4280)
    at async c (D:\N\proposalpilot\.next\server\app\api\proposals\route.js:1:2300)
    at async D:\N\proposalpilot\node_modules\next\dist\compiled\next-server\app-route.runtime.prod.js:6:38411
    at async e_.execute (D:\N\proposalpilot\node_modules\next\dist\compiled\next-server\app-route.runtime.prod.js:6:27880)
    at async e_.handle (D:\N\proposalpilot\node_modules\next\dist\compiled\next-server\app-route.runtime.prod.js:6:39943) {
  code: 'ECONNREFUSED',
  meta: { modelName: 'User' },
  clientVersion: '7.9.1'
}
List proposals error: PrismaClientKnownRequestError: 
Invalid `prisma.user.findUnique()` invocation:



    at Jr.handleRequestError (D:\N\proposalpilot\node_modules\@prisma\client\runtime\client.js:65:8286)
    at Jr.handleAndLogRequestError (D:\N\proposalpilot\node_modules\@prisma\client\runtime\client.js:65:7581)
    at Jr.request (D:\N\proposalpilot\node_modules\@prisma\client\runtime\client.js:65:7288)
    at process.processTicksAndRejections (node:internal/process/task_queues:104:5)
    at async a (D:\N\proposalpilot\node_modules\@prisma\client\runtime\client.js:99:6862)
    at async s (D:\N\proposalpilot\.next\server\app\api\proposals\route.js:1:4280)
    at async c (D:\N\proposalpilot\.next\server\app\api\proposals\route.js:1:2300)
    at async D:\N\proposalpilot\node_modules\next\dist\compiled\next-server\app-route.runtime.prod.js:6:38411
    at async e_.execute (D:\N\proposalpilot\node_modules\next\dist\compiled\next-server\app-route.runtime.prod.js:6:27880)
    at async e_.handle (D:\N\proposalpilot\node_modules\next\dist\compiled\next-server\app-route.runtime.prod.js:6:39943) {
  code: 'ECONNREFUSED',
  meta: { modelName: 'User' },
  clientVersion: '7.9.1'
}
Create proposal error: i [ZodError]: [
  {
    "code": "invalid_type",
    "expected": "string",
    "received": "undefined",
    "path": [
      "title"
    ],
    "message": "Required"
  }
]
    at get error (D:\N\proposalpilot\.next\server\chunks\585.js:1:8757)
    at X.parse (D:\N\proposalpilot\.next\server\chunks\585.js:1:9969)
    at m (D:\N\proposalpilot\.next\server\app\api\proposals\route.js:1:3029)
    at process.processTicksAndRejections (node:internal/process/task_queues:104:5)
    at async D:\N\proposalpilot\node_modules\next\dist\compiled\next-server\app-route.runtime.prod.js:6:38411
    at async e_.execute (D:\N\proposalpilot\node_modules\next\dist\compiled\next-server\app-route.runtime.prod.js:6:27880)
    at async e_.handle (D:\N\proposalpilot\node_modules\next\dist\compiled\next-server\app-route.runtime.prod.js:6:39943)
    at async doRender (D:\N\proposalpilot\node_modules\next\dist\server\base-server.js:1366:42)
    at async cacheEntry.responseCache.get.routeKind (D:\N\proposalpilot\node_modules\next\dist\server\base-server.js:1588:28)
    at async NextNodeServer.renderToResponseWithComponentsImpl (D:\N\proposalpilot\node_modules\next\dist\server\base-server.js:1496:28) {
  issues: [
    {
      code: 'invalid_type',
      expected: 'string',
      received: 'undefined',
      path: [Array],
      message: 'Required'
    }
  ],
  addIssue: [Function (anonymous)],
  addIssues: [Function (anonymous)]
}
Create proposal error: i [ZodError]: [
  {
    "code": "invalid_type",
    "expected": "array",
    "received": "undefined",
    "path": [
      "scopeItems"
    ],
    "message": "Required"
  }
]
    at get error (D:\N\proposalpilot\.next\server\chunks\585.js:1:8757)
    at X.parse (D:\N\proposalpilot\.next\server\chunks\585.js:1:9969)
    at m (D:\N\proposalpilot\.next\server\app\api\proposals\route.js:1:3029)
    at process.processTicksAndRejections (node:internal/process/task_queues:104:5)
    at async D:\N\proposalpilot\node_modules\next\dist\compiled\next-server\app-route.runtime.prod.js:6:38411
    at async e_.execute (D:\N\proposalpilot\node_modules\next\dist\compiled\next-server\app-route.runtime.prod.js:6:27880)
    at async e_.handle (D:\N\proposalpilot\node_modules\next\dist\compiled\next-server\app-route.runtime.prod.js:6:39943)
    at async doRender (D:\N\proposalpilot\node_modules\next\dist\server\base-server.js:1366:42)
    at async cacheEntry.responseCache.get.routeKind (D:\N\proposalpilot\node_modules\next\dist\server\base-server.js:1588:28)
    at async NextNodeServer.renderToResponseWithComponentsImpl (D:\N\proposalpilot\node_modules\next\dist\server\base-server.js:1496:28) {
  issues: [
    {
      code: 'invalid_type',
      expected: 'array',
      received: 'undefined',
      path: [Array],
      message: 'Required'
    }
  ],
  addIssue: [Function (anonymous)],
  addIssues: [Function (anonymous)]
}
Update proposal error: i [ZodError]: [
  {
    "received": "BOGUS",
    "code": "invalid_enum_value",
    "options": [
      "DRAFT",
      "SENT",
      "VIEWED",
      "ACCEPTED",
      "REJECTED"
    ],
    "path": [
      "status"
    ],
    "message": "Invalid enum value. Expected 'DRAFT' | 'SENT' | 'VIEWED' | 'ACCEPTED' | 'REJECTED', received 'BOGUS'"
  }
]
    at get error (D:\N\proposalpilot\.next\server\chunks\585.js:1:8757)
    at X.parse (D:\N\proposalpilot\.next\server\chunks\585.js:1:9969)
    at c (D:\N\proposalpilot\.next\server\app\api\proposals\[id]\route.js:1:2981)
    at process.processTicksAndRejections (node:internal/process/task_queues:104:5)
    at async D:\N\proposalpilot\node_modules\next\dist\compiled\next-server\app-route.runtime.prod.js:6:38411
    at async e_.execute (D:\N\proposalpilot\node_modules\next\dist\compiled\next-server\app-route.runtime.prod.js:6:27880)
    at async e_.handle (D:\N\proposalpilot\node_modules\next\dist\compiled\next-server\app-route.runtime.prod.js:6:39943)
    at async doRender (D:\N\proposalpilot\node_modules\next\dist\server\base-server.js:1366:42)
    at async cacheEntry.responseCache.get.routeKind (D:\N\proposalpilot\node_modules\next\dist\server\base-server.js:1588:28)
    at async NextNodeServer.renderToResponseWithComponentsImpl (D:\N\proposalpilot\node_modules\next\dist\server\base-server.js:1496:28) {
  issues: [
    {
      received: 'BOGUS',
      code: 'invalid_enum_value',
      options: [Array],
      path: [Array],
      message: "Invalid enum value. Expected 'DRAFT' | 'SENT' | 'VIEWED' | 'ACCEPTED' | 'REJECTED', received 'BOGUS'"
    }
  ],
  addIssue: [Function (anonymous)],
  addIssues: [Function (anonymous)]
}
Export error: i [ZodError]: [
  {
    "received": "banana",
    "code": "invalid_enum_value",
    "options": [
      "pdf",
      "word",
      "link"
    ],
    "path": [
      "format"
    ],
    "message": "Invalid enum value. Expected 'pdf' | 'word' | 'link', received 'banana'"
  }
]
    at get error (D:\N\proposalpilot\.next\server\chunks\585.js:1:8757)
    at X.parse (D:\N\proposalpilot\.next\server\chunks\585.js:1:9969)
    at p (D:\N\proposalpilot\.next\server\app\api\proposals\[id]\export\route.js:1:428818)
    at process.processTicksAndRejections (node:internal/process/task_queues:104:5)
    at async D:\N\proposalpilot\node_modules\next\dist\compiled\next-server\app-route.runtime.prod.js:6:38411
    at async e_.execute (D:\N\proposalpilot\node_modules\next\dist\compiled\next-server\app-route.runtime.prod.js:6:27880)
    at async e_.handle (D:\N\proposalpilot\node_modules\next\dist\compiled\next-server\app-route.runtime.prod.js:6:39943)
    at async doRender (D:\N\proposalpilot\node_modules\next\dist\server\base-server.js:1366:42)
    at async cacheEntry.responseCache.get.routeKind (D:\N\proposalpilot\node_modules\next\dist\server\base-server.js:1588:28)
    at async NextNodeServer.renderToResponseWithComponentsImpl (D:\N\proposalpilot\node_modules\next\dist\server\base-server.js:1496:28) {
  issues: [
    {
      received: 'banana',
      code: 'invalid_enum_value',
      options: [Array],
      path: [Array],
      message: "Invalid enum value. Expected 'pdf' | 'word' | 'link', received 'banana'"
    }
  ],
  addIssue: [Function (anonymous)],
  addIssues: [Function (anonymous)]
}
Send proposal error: i [ZodError]: [
  {
    "code": "invalid_type",
    "expected": "string",
    "received": "undefined",
    "path": [
      "to"
    ],
    "message": "Required"
  }
]
    at get error (D:\N\proposalpilot\.next\server\chunks\585.js:1:8757)
    at X.parse (D:\N\proposalpilot\.next\server\chunks\585.js:1:9969)
    at u (D:\N\proposalpilot\.next\server\app\api\proposals\[id]\send\route.js:1:1983)
    at process.processTicksAndRejections (node:internal/process/task_queues:104:5)
    at async D:\N\proposalpilot\node_modules\next\dist\compiled\next-server\app-route.runtime.prod.js:6:38411
    at async e_.execute (D:\N\proposalpilot\node_modules\next\dist\compiled\next-server\app-route.runtime.prod.js:6:27880)
    at async e_.handle (D:\N\proposalpilot\node_modules\next\dist\compiled\next-server\app-route.runtime.prod.js:6:39943)
    at async doRender (D:\N\proposalpilot\node_modules\next\dist\server\base-server.js:1366:42)
    at async cacheEntry.responseCache.get.routeKind (D:\N\proposalpilot\node_modules\next\dist\server\base-server.js:1588:28)
    at async NextNodeServer.renderToResponseWithComponentsImpl (D:\N\proposalpilot\node_modules\next\dist\server\base-server.js:1496:28) {
  issues: [
    {
      code: 'invalid_type',
      expected: 'string',
      received: 'undefined',
      path: [Array],
      message: 'Required'
    }
  ],
  addIssue: [Function (anonymous)],
  addIssues: [Function (anonymous)]
}
Create proposal error: i [ZodError]: [
  {
    "code": "invalid_type",
    "expected": "string",
    "received": "undefined",
    "path": [
      "title"
    ],
    "message": "Required"
  }
]
    at get error (D:\N\proposalpilot\.next\server\chunks\585.js:1:8757)
    at X.parse (D:\N\proposalpilot\.next\server\chunks\585.js:1:9969)
    at m (D:\N\proposalpilot\.next\server\app\api\proposals\route.js:1:3029)
    at process.processTicksAndRejections (node:internal/process/task_queues:104:5)
    at async D:\N\proposalpilot\node_modules\next\dist\compiled\next-server\app-route.runtime.prod.js:6:38411
    at async e_.execute (D:\N\proposalpilot\node_modules\next\dist\compiled\next-server\app-route.runtime.prod.js:6:27880)
    at async e_.handle (D:\N\proposalpilot\node_modules\next\dist\compiled\next-server\app-route.runtime.prod.js:6:39943)
    at async doRender (D:\N\proposalpilot\node_modules\next\dist\server\base-server.js:1366:42)
    at async cacheEntry.responseCache.get.routeKind (D:\N\proposalpilot\node_modules\next\dist\server\base-server.js:1588:28)
    at async NextNodeServer.renderToResponseWithComponentsImpl (D:\N\proposalpilot\node_modules\next\dist\server\base-server.js:1496:28) {
  issues: [
    {
      code: 'invalid_type',
      expected: 'string',
      received: 'undefined',
      path: [Array],
      message: 'Required'
    }
  ],
  addIssue: [Function (anonymous)],
  addIssues: [Function (anonymous)]
}
Create proposal error: i [ZodError]: [
  {
    "code": "invalid_type",
    "expected": "array",
    "received": "undefined",
    "path": [
      "scopeItems"
    ],
    "message": "Required"
  }
]
    at get error (D:\N\proposalpilot\.next\server\chunks\585.js:1:8757)
    at X.parse (D:\N\proposalpilot\.next\server\chunks\585.js:1:9969)
    at m (D:\N\proposalpilot\.next\server\app\api\proposals\route.js:1:3029)
    at process.processTicksAndRejections (node:internal/process/task_queues:104:5)
    at async D:\N\proposalpilot\node_modules\next\dist\compiled\next-server\app-route.runtime.prod.js:6:38411
    at async e_.execute (D:\N\proposalpilot\node_modules\next\dist\compiled\next-server\app-route.runtime.prod.js:6:27880)
    at async e_.handle (D:\N\proposalpilot\node_modules\next\dist\compiled\next-server\app-route.runtime.prod.js:6:39943)
    at async doRender (D:\N\proposalpilot\node_modules\next\dist\server\base-server.js:1366:42)
    at async cacheEntry.responseCache.get.routeKind (D:\N\proposalpilot\node_modules\next\dist\server\base-server.js:1588:28)
    at async NextNodeServer.renderToResponseWithComponentsImpl (D:\N\proposalpilot\node_modules\next\dist\server\base-server.js:1496:28) {
  issues: [
    {
      code: 'invalid_type',
      expected: 'array',
      received: 'undefined',
      path: [Array],
      message: 'Required'
    }
  ],
  addIssue: [Function (anonymous)],
  addIssues: [Function (anonymous)]
}
Update proposal error: i [ZodError]: [
  {
    "received": "BOGUS",
    "code": "invalid_enum_value",
    "options": [
      "DRAFT",
      "SENT",
      "VIEWED",
      "ACCEPTED",
      "REJECTED"
    ],
    "path": [
      "status"
    ],
    "message": "Invalid enum value. Expected 'DRAFT' | 'SENT' | 'VIEWED' | 'ACCEPTED' | 'REJECTED', received 'BOGUS'"
  }
]
    at get error (D:\N\proposalpilot\.next\server\chunks\585.js:1:8757)
    at X.parse (D:\N\proposalpilot\.next\server\chunks\585.js:1:9969)
    at c (D:\N\proposalpilot\.next\server\app\api\proposals\[id]\route.js:1:2981)
    at process.processTicksAndRejections (node:internal/process/task_queues:104:5)
    at async D:\N\proposalpilot\node_modules\next\dist\compiled\next-server\app-route.runtime.prod.js:6:38411
    at async e_.execute (D:\N\proposalpilot\node_modules\next\dist\compiled\next-server\app-route.runtime.prod.js:6:27880)
    at async e_.handle (D:\N\proposalpilot\node_modules\next\dist\compiled\next-server\app-route.runtime.prod.js:6:39943)
    at async doRender (D:\N\proposalpilot\node_modules\next\dist\server\base-server.js:1366:42)
    at async cacheEntry.responseCache.get.routeKind (D:\N\proposalpilot\node_modules\next\dist\server\base-server.js:1588:28)
    at async NextNodeServer.renderToResponseWithComponentsImpl (D:\N\proposalpilot\node_modules\next\dist\server\base-server.js:1496:28) {
  issues: [
    {
      received: 'BOGUS',
      code: 'invalid_enum_value',
      options: [Array],
      path: [Array],
      message: "Invalid enum value. Expected 'DRAFT' | 'SENT' | 'VIEWED' | 'ACCEPTED' | 'REJECTED', received 'BOGUS'"
    }
  ],
  addIssue: [Function (anonymous)],
  addIssues: [Function (anonymous)]
}
Export error: i [ZodError]: [
  {
    "received": "banana",
    "code": "invalid_enum_value",
    "options": [
      "pdf",
      "word",
      "link"
    ],
    "path": [
      "format"
    ],
    "message": "Invalid enum value. Expected 'pdf' | 'word' | 'link', received 'banana'"
  }
]
    at get error (D:\N\proposalpilot\.next\server\chunks\585.js:1:8757)
    at X.parse (D:\N\proposalpilot\.next\server\chunks\585.js:1:9969)
    at p (D:\N\proposalpilot\.next\server\app\api\proposals\[id]\export\route.js:1:428818)
    at process.processTicksAndRejections (node:internal/process/task_queues:104:5)
    at async D:\N\proposalpilot\node_modules\next\dist\compiled\next-server\app-route.runtime.prod.js:6:38411
    at async e_.execute (D:\N\proposalpilot\node_modules\next\dist\compiled\next-server\app-route.runtime.prod.js:6:27880)
    at async e_.handle (D:\N\proposalpilot\node_modules\next\dist\compiled\next-server\app-route.runtime.prod.js:6:39943)
    at async doRender (D:\N\proposalpilot\node_modules\next\dist\server\base-server.js:1366:42)
    at async cacheEntry.responseCache.get.routeKind (D:\N\proposalpilot\node_modules\next\dist\server\base-server.js:1588:28)
    at async NextNodeServer.renderToResponseWithComponentsImpl (D:\N\proposalpilot\node_modules\next\dist\server\base-server.js:1496:28) {
  issues: [
    {
      received: 'banana',
      code: 'invalid_enum_value',
      options: [Array],
      path: [Array],
      message: "Invalid enum value. Expected 'pdf' | 'word' | 'link', received 'banana'"
    }
  ],
  addIssue: [Function (anonymous)],
  addIssues: [Function (anonymous)]
}
Send proposal error: i [ZodError]: [
  {
    "code": "invalid_type",
    "expected": "string",
    "received": "undefined",
    "path": [
      "to"
    ],
    "message": "Required"
  }
]
    at get error (D:\N\proposalpilot\.next\server\chunks\585.js:1:8757)
    at X.parse (D:\N\proposalpilot\.next\server\chunks\585.js:1:9969)
    at u (D:\N\proposalpilot\.next\server\app\api\proposals\[id]\send\route.js:1:1983)
    at process.processTicksAndRejections (node:internal/process/task_queues:104:5)
    at async D:\N\proposalpilot\node_modules\next\dist\compiled\next-server\app-route.runtime.prod.js:6:38411
    at async e_.execute (D:\N\proposalpilot\node_modules\next\dist\compiled\next-server\app-route.runtime.prod.js:6:27880)
    at async e_.handle (D:\N\proposalpilot\node_modules\next\dist\compiled\next-server\app-route.runtime.prod.js:6:39943)
    at async doRender (D:\N\proposalpilot\node_modules\next\dist\server\base-server.js:1366:42)
    at async cacheEntry.responseCache.get.routeKind (D:\N\proposalpilot\node_modules\next\dist\server\base-server.js:1588:28)
    at async NextNodeServer.renderToResponseWithComponentsImpl (D:\N\proposalpilot\node_modules\next\dist\server\base-server.js:1496:28) {
  issues: [
    {
      code: 'invalid_type',
      expected: 'string',
      received: 'undefined',
      path: [Array],
      message: 'Required'
    }
  ],
  addIssue: [Function (anonymous)],
  addIssues: [Function (anonymous)]
}
(node:21520) [DEP0169] DeprecationWarning: `url.parse()` behavior is not standardized and prone to errors that have security implications. Use the WHATWG URL API instead. CVEs are not issued for `url.parse()` vulnerabilities.
(Use `node --trace-deprecation ...` to show where the warning was created)
AI extraction error: i [ZodError]: [
  {
    "code": "too_small",
    "minimum": 50,
    "type": "string",
    "inclusive": true,
    "exact": false,
    "message": "String must contain at least 50 character(s)",
    "path": [
      "notes"
    ]
  }
]
    at get error (D:\N\proposalpilot\.next\server\chunks\585.js:1:8757)
    at X.parse (D:\N\proposalpilot\.next\server\chunks\585.js:1:9969)
    at m (D:\N\proposalpilot\.next\server\app\api\ai\extract\route.js:1:48352)
    at process.processTicksAndRejections (node:internal/process/task_queues:104:5)
    at async D:\N\proposalpilot\node_modules\next\dist\compiled\next-server\app-route.runtime.prod.js:6:38411
    at async e_.execute (D:\N\proposalpilot\node_modules\next\dist\compiled\next-server\app-route.runtime.prod.js:6:27880)
    at async e_.handle (D:\N\proposalpilot\node_modules\next\dist\compiled\next-server\app-route.runtime.prod.js:6:39943)
    at async doRender (D:\N\proposalpilot\node_modules\next\dist\server\base-server.js:1366:42)
    at async cacheEntry.responseCache.get.routeKind (D:\N\proposalpilot\node_modules\next\dist\server\base-server.js:1588:28)
    at async NextNodeServer.renderToResponseWithComponentsImpl (D:\N\proposalpilot\node_modules\next\dist\server\base-server.js:1496:28) {
  issues: [
    {
      code: 'too_small',
      minimum: 50,
      type: 'string',
      inclusive: true,
      exact: false,
      message: 'String must contain at least 50 character(s)',
      path: [Array]
    }
  ],
  addIssue: [Function (anonymous)],
  addIssues: [Function (anonymous)]
}
Update settings error: i [ZodError]: [
  {
    "code": "too_small",
    "minimum": 0,
    "type": "number",
    "inclusive": true,
    "exact": false,
    "message": "Number must be greater than or equal to 0",
    "path": [
      "hourlyRate"
    ]
  }
]
    at get error (D:\N\proposalpilot\.next\server\chunks\585.js:1:8757)
    at X.parse (D:\N\proposalpilot\.next\server\chunks\585.js:1:9969)
    at m (D:\N\proposalpilot\.next\server\app\api\settings\route.js:1:2823)
    at process.processTicksAndRejections (node:internal/process/task_queues:104:5)
    at async D:\N\proposalpilot\node_modules\next\dist\compiled\next-server\app-route.runtime.prod.js:6:38411
    at async e_.execute (D:\N\proposalpilot\node_modules\next\dist\compiled\next-server\app-route.runtime.prod.js:6:27880)
    at async e_.handle (D:\N\proposalpilot\node_modules\next\dist\compiled\next-server\app-route.runtime.prod.js:6:39943)
    at async doRender (D:\N\proposalpilot\node_modules\next\dist\server\base-server.js:1366:42)
    at async cacheEntry.responseCache.get.routeKind (D:\N\proposalpilot\node_modules\next\dist\server\base-server.js:1588:28)
    at async NextNodeServer.renderToResponseWithComponentsImpl (D:\N\proposalpilot\node_modules\next\dist\server\base-server.js:1496:28) {
  issues: [
    {
      code: 'too_small',
      minimum: 0,
      type: 'number',
      inclusive: true,
      exact: false,
      message: 'Number must be greater than or equal to 0',
      path: [Array]
    }
  ],
  addIssue: [Function (anonymous)],
  addIssues: [Function (anonymous)]
}
Waitlist signup error: i [ZodError]: [
  {
    "validation": "email",
    "code": "invalid_string",
    "message": "Invalid email",
    "path": [
      "email"
    ]
  }
]
    at get error (D:\N\proposalpilot\.next\server\chunks\585.js:1:8757)
    at X.parse (D:\N\proposalpilot\.next\server\chunks\585.js:1:9969)
    at u (D:\N\proposalpilot\.next\server\app\api\waitlist\route.js:1:1821)
    at process.processTicksAndRejections (node:internal/process/task_queues:104:5)
    at async D:\N\proposalpilot\node_modules\next\dist\compiled\next-server\app-route.runtime.prod.js:6:38411
    at async e_.execute (D:\N\proposalpilot\node_modules\next\dist\compiled\next-server\app-route.runtime.prod.js:6:27880)
    at async e_.handle (D:\N\proposalpilot\node_modules\next\dist\compiled\next-server\app-route.runtime.prod.js:6:39943)
    at async doRender (D:\N\proposalpilot\node_modules\next\dist\server\base-server.js:1366:42)
    at async cacheEntry.responseCache.get.routeKind (D:\N\proposalpilot\node_modules\next\dist\server\base-server.js:1588:28)
    at async NextNodeServer.renderToResponseWithComponentsImpl (D:\N\proposalpilot\node_modules\next\dist\server\base-server.js:1496:28) {
  issues: [
    {
      validation: 'email',
      code: 'invalid_string',
      message: 'Invalid email',
      path: [Array]
    }
  ],
  addIssue: [Function (anonymous)],
  addIssues: [Function (anonymous)]
}
AI extraction error: i [ZodError]: [
  {
    "code": "too_small",
    "minimum": 50,
    "type": "string",
    "inclusive": true,
    "exact": false,
    "message": "String must contain at least 50 character(s)",
    "path": [
      "notes"
    ]
  }
]
    at get error (D:\N\proposalpilot\.next\server\chunks\585.js:1:8757)
    at X.parse (D:\N\proposalpilot\.next\server\chunks\585.js:1:9969)
    at m (D:\N\proposalpilot\.next\server\app\api\ai\extract\route.js:1:48352)
    at process.processTicksAndRejections (node:internal/process/task_queues:104:5)
    at async D:\N\proposalpilot\node_modules\next\dist\compiled\next-server\app-route.runtime.prod.js:6:38411
    at async e_.execute (D:\N\proposalpilot\node_modules\next\dist\compiled\next-server\app-route.runtime.prod.js:6:27880)
    at async e_.handle (D:\N\proposalpilot\node_modules\next\dist\compiled\next-server\app-route.runtime.prod.js:6:39943)
    at async doRender (D:\N\proposalpilot\node_modules\next\dist\server\base-server.js:1366:42)
    at async cacheEntry.responseCache.get.routeKind (D:\N\proposalpilot\node_modules\next\dist\server\base-server.js:1588:28)
    at async NextNodeServer.renderToResponseWithComponentsImpl (D:\N\proposalpilot\node_modules\next\dist\server\base-server.js:1496:28) {
  issues: [
    {
      code: 'too_small',
      minimum: 50,
      type: 'string',
      inclusive: true,
      exact: false,
      message: 'String must contain at least 50 character(s)',
      path: [Array]
    }
  ],
  addIssue: [Function (anonymous)],
  addIssues: [Function (anonymous)]
}
Create proposal error: i [ZodError]: [
  {
    "code": "invalid_type",
    "expected": "string",
    "received": "undefined",
    "path": [
      "title"
    ],
    "message": "Required"
  }
]
    at get error (D:\N\proposalpilot\.next\server\chunks\585.js:1:8757)
    at X.parse (D:\N\proposalpilot\.next\server\chunks\585.js:1:9969)
    at m (D:\N\proposalpilot\.next\server\app\api\proposals\route.js:1:3029)
    at process.processTicksAndRejections (node:internal/process/task_queues:104:5)
    at async D:\N\proposalpilot\node_modules\next\dist\compiled\next-server\app-route.runtime.prod.js:6:38411
    at async e_.execute (D:\N\proposalpilot\node_modules\next\dist\compiled\next-server\app-route.runtime.prod.js:6:27880)
    at async e_.handle (D:\N\proposalpilot\node_modules\next\dist\compiled\next-server\app-route.runtime.prod.js:6:39943)
    at async doRender (D:\N\proposalpilot\node_modules\next\dist\server\base-server.js:1366:42)
    at async cacheEntry.responseCache.get.routeKind (D:\N\proposalpilot\node_modules\next\dist\server\base-server.js:1588:28)
    at async NextNodeServer.renderToResponseWithComponentsImpl (D:\N\proposalpilot\node_modules\next\dist\server\base-server.js:1496:28) {
  issues: [
    {
      code: 'invalid_type',
      expected: 'string',
      received: 'undefined',
      path: [Array],
      message: 'Required'
    }
  ],
  addIssue: [Function (anonymous)],
  addIssues: [Function (anonymous)]
}
Create proposal error: i [ZodError]: [
  {
    "code": "invalid_type",
    "expected": "array",
    "received": "undefined",
    "path": [
      "scopeItems"
    ],
    "message": "Required"
  }
]
    at get error (D:\N\proposalpilot\.next\server\chunks\585.js:1:8757)
    at X.parse (D:\N\proposalpilot\.next\server\chunks\585.js:1:9969)
    at m (D:\N\proposalpilot\.next\server\app\api\proposals\route.js:1:3029)
    at process.processTicksAndRejections (node:internal/process/task_queues:104:5)
    at async D:\N\proposalpilot\node_modules\next\dist\compiled\next-server\app-route.runtime.prod.js:6:38411
    at async e_.execute (D:\N\proposalpilot\node_modules\next\dist\compiled\next-server\app-route.runtime.prod.js:6:27880)
    at async e_.handle (D:\N\proposalpilot\node_modules\next\dist\compiled\next-server\app-route.runtime.prod.js:6:39943)
    at async doRender (D:\N\proposalpilot\node_modules\next\dist\server\base-server.js:1366:42)
    at async cacheEntry.responseCache.get.routeKind (D:\N\proposalpilot\node_modules\next\dist\server\base-server.js:1588:28)
    at async NextNodeServer.renderToResponseWithComponentsImpl (D:\N\proposalpilot\node_modules\next\dist\server\base-server.js:1496:28) {
  issues: [
    {
      code: 'invalid_type',
      expected: 'array',
      received: 'undefined',
      path: [Array],
      message: 'Required'
    }
  ],
  addIssue: [Function (anonymous)],
  addIssues: [Function (anonymous)]
}
Update proposal error: i [ZodError]: [
  {
    "received": "BOGUS",
    "code": "invalid_enum_value",
    "options": [
      "DRAFT",
      "SENT",
      "VIEWED",
      "ACCEPTED",
      "REJECTED"
    ],
    "path": [
      "status"
    ],
    "message": "Invalid enum value. Expected 'DRAFT' | 'SENT' | 'VIEWED' | 'ACCEPTED' | 'REJECTED', received 'BOGUS'"
  }
]
    at get error (D:\N\proposalpilot\.next\server\chunks\585.js:1:8757)
    at X.parse (D:\N\proposalpilot\.next\server\chunks\585.js:1:9969)
    at c (D:\N\proposalpilot\.next\server\app\api\proposals\[id]\route.js:1:2981)
    at process.processTicksAndRejections (node:internal/process/task_queues:104:5)
    at async D:\N\proposalpilot\node_modules\next\dist\compiled\next-server\app-route.runtime.prod.js:6:38411
    at async e_.execute (D:\N\proposalpilot\node_modules\next\dist\compiled\next-server\app-route.runtime.prod.js:6:27880)
    at async e_.handle (D:\N\proposalpilot\node_modules\next\dist\compiled\next-server\app-route.runtime.prod.js:6:39943)
    at async doRender (D:\N\proposalpilot\node_modules\next\dist\server\base-server.js:1366:42)
    at async cacheEntry.responseCache.get.routeKind (D:\N\proposalpilot\node_modules\next\dist\server\base-server.js:1588:28)
    at async NextNodeServer.renderToResponseWithComponentsImpl (D:\N\proposalpilot\node_modules\next\dist\server\base-server.js:1496:28) {
  issues: [
    {
      received: 'BOGUS',
      code: 'invalid_enum_value',
      options: [Array],
      path: [Array],
      message: "Invalid enum value. Expected 'DRAFT' | 'SENT' | 'VIEWED' | 'ACCEPTED' | 'REJECTED', received 'BOGUS'"
    }
  ],
  addIssue: [Function (anonymous)],
  addIssues: [Function (anonymous)]
}
Export error: i [ZodError]: [
  {
    "received": "banana",
    "code": "invalid_enum_value",
    "options": [
      "pdf",
      "word",
      "link"
    ],
    "path": [
      "format"
    ],
    "message": "Invalid enum value. Expected 'pdf' | 'word' | 'link', received 'banana'"
  }
]
    at get error (D:\N\proposalpilot\.next\server\chunks\585.js:1:8757)
    at X.parse (D:\N\proposalpilot\.next\server\chunks\585.js:1:9969)
    at p (D:\N\proposalpilot\.next\server\app\api\proposals\[id]\export\route.js:1:428818)
    at process.processTicksAndRejections (node:internal/process/task_queues:104:5)
    at async D:\N\proposalpilot\node_modules\next\dist\compiled\next-server\app-route.runtime.prod.js:6:38411
    at async e_.execute (D:\N\proposalpilot\node_modules\next\dist\compiled\next-server\app-route.runtime.prod.js:6:27880)
    at async e_.handle (D:\N\proposalpilot\node_modules\next\dist\compiled\next-server\app-route.runtime.prod.js:6:39943)
    at async doRender (D:\N\proposalpilot\node_modules\next\dist\server\base-server.js:1366:42)
    at async cacheEntry.responseCache.get.routeKind (D:\N\proposalpilot\node_modules\next\dist\server\base-server.js:1588:28)
    at async NextNodeServer.renderToResponseWithComponentsImpl (D:\N\proposalpilot\node_modules\next\dist\server\base-server.js:1496:28) {
  issues: [
    {
      received: 'banana',
      code: 'invalid_enum_value',
      options: [Array],
      path: [Array],
      message: "Invalid enum value. Expected 'pdf' | 'word' | 'link', received 'banana'"
    }
  ],
  addIssue: [Function (anonymous)],
  addIssues: [Function (anonymous)]
}
Send proposal error: i [ZodError]: [
  {
    "validation": "email",
    "code": "invalid_string",
    "message": "Invalid email",
    "path": [
      "to"
    ]
  }
]
    at get error (D:\N\proposalpilot\.next\server\chunks\585.js:1:8757)
    at X.parse (D:\N\proposalpilot\.next\server\chunks\585.js:1:9969)
    at u (D:\N\proposalpilot\.next\server\app\api\proposals\[id]\send\route.js:1:1983)
    at process.processTicksAndRejections (node:internal/process/task_queues:104:5)
    at async D:\N\proposalpilot\node_modules\next\dist\compiled\next-server\app-route.runtime.prod.js:6:38411
    at async e_.execute (D:\N\proposalpilot\node_modules\next\dist\compiled\next-server\app-route.runtime.prod.js:6:27880)
    at async e_.handle (D:\N\proposalpilot\node_modules\next\dist\compiled\next-server\app-route.runtime.prod.js:6:39943)
    at async doRender (D:\N\proposalpilot\node_modules\next\dist\server\base-server.js:1366:42)
    at async cacheEntry.responseCache.get.routeKind (D:\N\proposalpilot\node_modules\next\dist\server\base-server.js:1588:28)
    at async NextNodeServer.renderToResponseWithComponentsImpl (D:\N\proposalpilot\node_modules\next\dist\server\base-server.js:1496:28) {
  issues: [
    {
      validation: 'email',
      code: 'invalid_string',
      message: 'Invalid email',
      path: [Array]
    }
  ],
  addIssue: [Function (anonymous)],
  addIssues: [Function (anonymous)]
}
Update settings error: i [ZodError]: [
  {
    "code": "too_small",
    "minimum": 0,
    "type": "number",
    "inclusive": true,
    "exact": false,
    "message": "Number must be greater than or equal to 0",
    "path": [
      "hourlyRate"
    ]
  }
]
    at get error (D:\N\proposalpilot\.next\server\chunks\585.js:1:8757)
    at X.parse (D:\N\proposalpilot\.next\server\chunks\585.js:1:9969)
    at m (D:\N\proposalpilot\.next\server\app\api\settings\route.js:1:2823)
    at process.processTicksAndRejections (node:internal/process/task_queues:104:5)
    at async D:\N\proposalpilot\node_modules\next\dist\compiled\next-server\app-route.runtime.prod.js:6:38411
    at async e_.execute (D:\N\proposalpilot\node_modules\next\dist\compiled\next-server\app-route.runtime.prod.js:6:27880)
    at async e_.handle (D:\N\proposalpilot\node_modules\next\dist\compiled\next-server\app-route.runtime.prod.js:6:39943)
    at async doRender (D:\N\proposalpilot\node_modules\next\dist\server\base-server.js:1366:42)
    at async cacheEntry.responseCache.get.routeKind (D:\N\proposalpilot\node_modules\next\dist\server\base-server.js:1588:28)
    at async NextNodeServer.renderToResponseWithComponentsImpl (D:\N\proposalpilot\node_modules\next\dist\server\base-server.js:1496:28) {
  issues: [
    {
      code: 'too_small',
      minimum: 0,
      type: 'number',
      inclusive: true,
      exact: false,
      message: 'Number must be greater than or equal to 0',
      path: [Array]
    }
  ],
  addIssue: [Function (anonymous)],
  addIssues: [Function (anonymous)]
}
Waitlist signup error: i [ZodError]: [
  {
    "validation": "email",
    "code": "invalid_string",
    "message": "Invalid email",
    "path": [
      "email"
    ]
  }
]
    at get error (D:\N\proposalpilot\.next\server\chunks\585.js:1:8757)
    at X.parse (D:\N\proposalpilot\.next\server\chunks\585.js:1:9969)
    at u (D:\N\proposalpilot\.next\server\app\api\waitlist\route.js:1:1821)
    at process.processTicksAndRejections (node:internal/process/task_queues:104:5)
    at async D:\N\proposalpilot\node_modules\next\dist\compiled\next-server\app-route.runtime.prod.js:6:38411
    at async e_.execute (D:\N\proposalpilot\node_modules\next\dist\compiled\next-server\app-route.runtime.prod.js:6:27880)
    at async e_.handle (D:\N\proposalpilot\node_modules\next\dist\compiled\next-server\app-route.runtime.prod.js:6:39943)
    at async doRender (D:\N\proposalpilot\node_modules\next\dist\server\base-server.js:1366:42)
    at async cacheEntry.responseCache.get.routeKind (D:\N\proposalpilot\node_modules\next\dist\server\base-server.js:1588:28)
    at async NextNodeServer.renderToResponseWithComponentsImpl (D:\N\proposalpilot\node_modules\next\dist\server\base-server.js:1496:28) {
  issues: [
    {
      validation: 'email',
      code: 'invalid_string',
      message: 'Invalid email',
      path: [Array]
    }
  ],
  addIssue: [Function (anonymous)],
  addIssues: [Function (anonymous)]
}
